// Jest Snapshot v1, https://goo.gl/fbAQLP

exports[`matches snapshot 1`] = `
Array [
  <div
    className="product-page__nav"
  >
    <div
      className="product-page__back-btn"
    >
      <svg
        className="product-page__back-btn-svg"
        data-testid="back-btn-svg"
        fill="none"
        height="20"
        onClick={[Function]}
        viewBox="0 0 20 20"
        width="20"
        xmlns="http://www.w3.org/2000/svg"
      >
        <path
          d="M12.6516 15.253C12.8471 15.0575 12.8471 14.7405 12.6516 14.545L8.40863 10.303L12.6516 6.06098C12.8471 5.86553 12.847 5.54857 12.6514 5.35323C12.456 5.15811 12.1394 5.15822 11.9441 5.35348L7.70163 9.596C7.31117 9.98646 7.31171 10.6201 7.70218 11.0105L11.9437 15.253C12.1392 15.4485 12.4561 15.4485 12.6516 15.253Z"
          fill="#838691"
        />
      </svg>
    </div>
    <p
      className="product-page__title"
      data-testid="title"
    >
      Access Point Wifi Something idk
    </p>
  </div>,
  <div
    className="product-page"
  >
    <div
      className="product-page__img-container"
    >
      <img
        className="product-page__img"
        data-testid="img"
        src="https://static.ui.com/fingerprint/ui/icons/06a25b40-ef1f-463a-82d9-13236866ea3d_257x257.png"
      />
    </div>
    <div
      className="product-page__info"
      data-testid="info"
    >
      <div
        className="product-page__row"
      >
        <p
          className="product-page__label"
        >
          Name
        </p>
        <p
          className="product-page__content"
        >
          Access Point Wifi Something idk
        </p>
      </div>
      <div
        className="product-page__row"
      >
        <p
          className="product-page__label"
        >
          Product line
        </p>
        <p
          className="product-page__content"
        >
          Ubiquiti Product
        </p>
      </div>
      <div
        className="product-page__row"
      >
        <p
          className="product-page__label"
        >
          price
        </p>
        <p
          className="product-page__content"
        >
          astronomic
        </p>
      </div>
    </div>
  </div>,
]
`;
